{"count":1,"environment":"development","instanceId":"Abdullah-pc","level":"info","message":"Received messages","service":"notification-worker-service","timestamp":"I9O8601","version":"1.0.0"}
{"environment":"development","instanceId":"Abdullah-pc","level":"info","message":"Processing message","messageId":"1aa07121-b3ac-45ca-a5d0-2cb45ff9bde1","service":"notification-worker-service","timestamp":"I9O8601","version":"1.0.0"}
{"attempt":1,"environment":"development","instanceId":"Abdullah-pc","level":"info","message":"Processing job","service":"notification-worker-service","span_id":"d4ae6fc53914991d","timestamp":"I9O8601","trace_flags":"01","trace_id":"f5e146b46c18f9d6463ad9bf08f47845","type":"worker","version":"1.0.0"}
{"count":1,"environment":"development","instanceId":"Abdullah-pc","level":"info","message":"Received messages","service":"worker-service","timestamp":"I9O8601","version":"1.0.0"}
{"environment":"development","instanceId":"Abdullah-pc","level":"info","message":"Processing message","messageId":"a9f66675-a0fc-4754-8ab8-5b01c0f08cfc","service":"worker-service","timestamp":"I9O8601","version":"1.0.0"}
{"environment":"development","eventId":"69ce1ddf9e8202d6500182fa","instanceId":"Abdullah-pc","level":"info","message":"Event created","service":"notification-worker-service","span_id":"d4ae6fc53914991d","timestamp":"I2O8601","trace_flags":"01","trace_id":"f5e146b46c18f9d6463ad9bf08f47845","version":"1.0.0"}
{"environment":"development","eventId":"69ce1de04df9517279e2ccdb","instanceId":"Abdullah-pc","level":"info","message":"Event created","service":"worker-service","span_id":"d4ae6fc53914991d","timestamp":"I3O8601","trace_flags":"01","trace_id":"f5e146b46c18f9d6463ad9bf08f47845","version":"1.0.0"}
{"environment":"development","instanceId":"Abdullah-pc","level":"info","message":"Job finished successfully","service":"notification-worker-service","span_id":"d4ae6fc53914991d","timestamp":"I5O8601","trace_flags":"01","trace_id":"f5e146b46c18f9d6463ad9bf08f47845","type":"worker","version":"1.0.0"}
{"environment":"development","instanceId":"Abdullah-pc","level":"info","message":"Successfully processed message","messageId":"a9f66675-a0fc-4754-8ab8-5b01c0f08cfc","service":"worker-service","span_id":"d4ae6fc53914991d","timestamp":"I6O8601","trace_flags":"01","trace_id":"f5e146b46c18f9d6463ad9bf08f47845","version":"1.0.0"}
{"environment":"development","instanceId":"Abdullah-pc","level":"info","message":"Successfully processed message","messageId":"1aa07121-b3ac-45ca-a5d0-2cb45ff9bde1","service":"notification-worker-service","span_id":"d4ae6fc53914991d","timestamp":"I7O8601","trace_flags":"01","trace_id":"f5e146b46c18f9d6463ad9bf08f47845","version":"1.0.0"}
{"count":1,"environment":"development","instanceId":"Abdullah-pc","level":"info","message":"Received messages","service":"notification-worker-service","timestamp":"I6O8601","version":"1.0.0"}
{"count":1,"environment":"development","instanceId":"Abdullah-pc","level":"info","message":"Received messages","service":"worker-service","timestamp":"I6O8601","version":"1.0.0"}
{"environment":"development","instanceId":"Abdullah-pc","level":"info","message":"Processing message","messageId":"868abb71-c0eb-4dcc-9c51-bf54e7e67232","service":"worker-service","timestamp":"I6O8601","version":"1.0.0"}
{"environment":"development","instanceId":"Abdullah-pc","level":"info","message":"Processing message","messageId":"dbb0ff39-3f11-462a-8e83-29212fc3e227","service":"notification-worker-service","timestamp":"I6O8601","version":"1.0.0"}
{"attempt":1,"environment":"development","instanceId":"Abdullah-pc","level":"info","message":"Processing job","service":"notification-worker-service","span_id":"b4bf83bf76703474","timestamp":"I6O8601","trace_flags":"01","trace_id":"001e0f96210a793327c1f80d374f6a63","type":"worker","version":"1.0.0"}
{"environment":"development","eventId":"69ce209d9e8202d6500182fc","instanceId":"Abdullah-pc","level":"info","message":"Event created","service":"notification-worker-service","span_id":"b4bf83bf76703474","timestamp":"I9O8601","trace_flags":"01","trace_id":"001e0f96210a793327c1f80d374f6a63","version":"1.0.0"}
{"environment":"development","eventId":"69ce209d4df9517279e2ccdd","instanceId":"Abdullah-pc","level":"info","message":"Event created","service":"worker-service","span_id":"b4bf83bf76703474","timestamp":"I9O8601","trace_flags":"01","trace_id":"001e0f96210a793327c1f80d374f6a63","version":"1.0.0"}
{"environment":"development","instanceId":"Abdullah-pc","level":"info","message":"Job finished successfully","service":"notification-worker-service","span_id":"b4bf83bf76703474","timestamp":"I2O8601","trace_flags":"01","trace_id":"001e0f96210a793327c1f80d374f6a63","type":"worker","version":"1.0.0"}
{"environment":"development","instanceId":"Abdullah-pc","level":"info","message":"Successfully processed message","messageId":"868abb71-c0eb-4dcc-9c51-bf54e7e67232","service":"worker-service","span_id":"b4bf83bf76703474","timestamp":"I2O8601","trace_flags":"01","trace_id":"001e0f96210a793327c1f80d374f6a63","version":"1.0.0"}
{"environment":"development","instanceId":"Abdullah-pc","level":"info","message":"Successfully processed message","messageId":"dbb0ff39-3f11-462a-8e83-29212fc3e227","service":"notification-worker-service","span_id":"b4bf83bf76703474","timestamp":"I5O8601","trace_flags":"01","trace_id":"001e0f96210a793327c1f80d374f6a63","version":"1.0.0"}
