{"environment":"development","instanceId":"Abdullah-pc","level":"info","message":"API server started","port":3000,"service":"api-service","timestamp":"2026-03-02T09:05:29.120Z","version":"1.0.0"}
{"environment":"development","instanceId":"Abdullah-pc","level":"info","message":"API server started","port":3000,"service":"api-service","timestamp":"2026-03-02T09:05:50.729Z","version":"1.0.0"}
{"environment":"development","instanceId":"Abdullah-pc","level":"info","message":"API server started","port":3000,"service":"api-service","timestamp":"2026-03-02T09:05:57.260Z","version":"1.0.0"}
{"environment":"development","instanceId":"Abdullah-pc","level":"info","message":"API server started","port":3000,"service":"api-service","timestamp":"2026-03-02T09:06:06.380Z","version":"1.0.0"}
{"environment":"development","instanceId":"Abdullah-pc","level":"info","message":"API server started","port":3000,"service":"api-service","timestamp":"2026-03-02T09:06:34.506Z","version":"1.0.0"}
{"instanceId":"Abdullah-pc","ip":"::1","level":"info","message":"HTTP request","method":"POST","service":"api-service","timestamp":"2026-03-02T09:10:55.032Z","url":"/events/send","userAgent":"PostmanRuntime/7.51.1","version":"1.0.0"}
{"instanceId":"Abdullah-pc","level":"info","message":"Received event request","payload":{"message":"hello testing"},"service":"api-service","timestamp":"2026-03-02T09:10:55.035Z","type":"worker","version":"1.0.0"}
{"instanceId":"Abdullah-pc","level":"info","message":"Publishing to SNS","service":"api-service","timestamp":"2026-03-02T09:10:55.037Z","topicArn":"arn:aws:sns:us-east-1:588738579221:loadtest-events-topic","type":"worker","version":"1.0.0"}
{"instanceId":"Abdullah-pc","level":"info","message":"Successfully published to SNS","service":"api-service","timestamp":"2026-03-02T09:10:56.241Z","type":"worker","version":"1.0.0"}
{"environment":"development","instanceId":"Abdullah-pc","level":"info","message":"API server started","port":3000,"service":"api-service","timestamp":"2026-03-02T09:11:37.671Z","version":"1.0.0"}
{"environment":"development","instanceId":"Abdullah-pc","level":"info","message":"API server started","port":3000,"service":"api-service","timestamp":"2026-03-02T09:12:00.601Z","version":"1.0.0"}
{"environment":"development","instanceId":"Abdullah-pc","level":"info","message":"API server started","port":3000,"service":"api-service","timestamp":"2026-03-02T09:12:21.337Z","version":"1.0.0"}
{"environment":"development","instanceId":"Abdullah-pc","level":"info","message":"API server started","port":3000,"service":"api-service","timestamp":"2026-03-02T09:12:25.957Z","version":"1.0.0"}
{"instanceId":"Abdullah-pc","ip":"::1","level":"info","message":"HTTP request","method":"POST","service":"api-service","timestamp":"2026-03-02T09:12:29.986Z","url":"/events/send","userAgent":"PostmanRuntime/7.51.1","version":"1.0.0"}
{"instanceId":"Abdullah-pc","level":"info","message":"Received event request","payload":{"message":"hello testing"},"service":"api-service","timestamp":"2026-03-02T09:12:29.990Z","type":"worker","version":"1.0.0"}
{"instanceId":"Abdullah-pc","level":"info","message":"Publishing to SNS","service":"api-service","timestamp":"2026-03-02T09:12:29.991Z","topicArn":"arn:aws:sns:us-east-1:588738579221:loadtest-events-topic","type":"worker","version":"1.0.0"}
{"instanceId":"Abdullah-pc","level":"info","message":"Preparing to publish SNS message [object Object]","service":"api-service","timestamp":"2026-03-02T09:12:29.992Z","topicArn":"arn:aws:sns:us-east-1:588738579221:loadtest-events-topic","version":"1.0.0"}
{"instanceId":"Abdullah-pc","level":"info","message":"SNS message published successfully","messageId":"c923305c-4978-55f2-8f8e-52431fc7140d","sequenceNumber":"N/A","service":"api-service","timestamp":"2026-03-02T09:12:31.122Z","topicArn":"arn:aws:sns:us-east-1:588738579221:loadtest-events-topic","version":"1.0.0"}
{"instanceId":"Abdullah-pc","level":"info","message":"Successfully published to SNS","service":"api-service","timestamp":"2026-03-02T09:12:31.124Z","type":"worker","version":"1.0.0"}
{"environment":"development","instanceId":"Abdullah-pc","level":"info","message":"API server started","port":3000,"service":"api-service","timestamp":"2026-03-02T09:13:35.252Z","version":"1.0.0"}
{"channel":"events","instanceId":"Abdullah-pc","level":"info","message":"Redis subscription message received","service":"api-service","timestamp":"2026-03-02T09:13:36.408Z","version":"1.0.0"}
